exports[`test it renders correctly 1`] = `
<ScrollView>
  <Image
    source={1} />
  <Image
    source={1} />
  <Image
    source={1} />
  <Image
    source={1} />
  <Image
    source={1} />
  <Image
    source={1} />
  <Image
    source={1} />
  <Image
    source={1} />
  <Image
    source={1} />
  <Image
    source={1} />
  <Image
    source={1} />
  <Image
    source={1} />
  <Image
    source={1} />
  <Image
    source={1} />
  <Image
    source={1} />
  <Image
    source={1} />
  <Image
    source={1} />
  <Image
    source={1} />
  <Image
    source={1} />
  <Image
    source={1} />
  <Image
    source={1} />
  <Image
    source={1} />
  <Image
    source={1} />
  <Image
    source={1} />
  <Image
    source={1} />
  <Image
    source={1} />
  <Image
    source={1} />
  <Image
    source={1} />
  <Image
    source={1} />
  <Image
    source={1} />
  <Image
    source={1} />
  <Image
    source={1} />
  <Image
    source={1} />
  <Image
    source={1} />
  <Image
    source={1} />
  <Image
    source={1} />
  <Image
    source={1} />
  <Image
    source={1} />
  <Image
    source={1} />
  <Image
    source={1} />
  <Image
    source={1} />
  <Image
    source={1} />
  <Image
    source={1} />
  <Image
    source={1} />
  <Image
    source={1} />
  <Image
    source={1} />
  <Image
    source={1} />
  <Image
    source={1} />
  <Image
    source={1} />
  <Image
    source={1} />
  <Image
    source={1} />
  <Image
    source={1} />
  <Image
    source={undefined} />
  <Image
    source={undefined} />
</ScrollView>
`;
