exports[`test it renders correctly 1`] = `
<View>
  <ScrollView
    horizontal={true}
    pageEnbaled={true}
    style={
      Object {
        "backgroundColor": "white",
        "paddingTop": 100,
      }
    }>
    <Image
      source={1}
      style={
        Object {
          "height": 350,
          "margin": 30,
          "width": 250,
        }
      } />
    <Image
      source={1}
      style={
        Object {
          "height": 350,
          "margin": 30,
          "width": 250,
        }
      } />
    <Image
      source={1}
      style={
        Object {
          "height": 350,
          "margin": 30,
          "width": 250,
        }
      } />
    <Image
      source={1}
      style={
        Object {
          "height": 350,
          "margin": 30,
          "width": 250,
        }
      } />
    <Image
      source={1}
      style={
        Object {
          "height": 350,
          "margin": 30,
          "width": 250,
        }
      } />
    <Image
      source={1}
      style={
        Object {
          "height": 350,
          "margin": 30,
          "width": 250,
        }
      } />
    <Image
      source={1}
      style={
        Object {
          "height": 350,
          "margin": 30,
          "width": 250,
        }
      } />
    <Image
      source={1}
      style={
        Object {
          "height": 350,
          "margin": 30,
          "width": 250,
        }
      } />
    <Image
      source={1}
      style={
        Object {
          "height": 350,
          "margin": 30,
          "width": 250,
        }
      } />
    <Image
      source={1}
      style={
        Object {
          "height": 350,
          "margin": 30,
          "width": 250,
        }
      } />
    <Image
      source={1}
      style={
        Object {
          "height": 350,
          "margin": 30,
          "width": 250,
        }
      } />
    <Image
      source={1}
      style={
        Object {
          "height": 350,
          "margin": 30,
          "width": 250,
        }
      } />
    <Image
      source={1}
      style={
        Object {
          "height": 350,
          "margin": 30,
          "width": 250,
        }
      } />
    <Image
      source={1}
      style={
        Object {
          "height": 350,
          "margin": 30,
          "width": 250,
        }
      } />
    <Image
      source={1}
      style={
        Object {
          "height": 350,
          "margin": 30,
          "width": 250,
        }
      } />
    <Image
      source={1}
      style={
        Object {
          "height": 350,
          "margin": 30,
          "width": 250,
        }
      } />
    <Image
      source={1}
      style={
        Object {
          "height": 350,
          "margin": 30,
          "width": 250,
        }
      } />
    <Image
      source={1}
      style={
        Object {
          "height": 350,
          "margin": 30,
          "width": 250,
        }
      } />
    <Image
      source={1}
      style={
        Object {
          "height": 350,
          "margin": 30,
          "width": 250,
        }
      } />
    <Image
      source={1}
      style={
        Object {
          "height": 350,
          "margin": 30,
          "width": 250,
        }
      } />
    <Image
      source={1}
      style={
        Object {
          "height": 350,
          "margin": 30,
          "width": 250,
        }
      } />
    <Image
      source={1}
      style={
        Object {
          "height": 350,
          "margin": 30,
          "width": 250,
        }
      } />
    <Image
      source={1}
      style={
        Object {
          "height": 350,
          "margin": 30,
          "width": 250,
        }
      } />
    <Image
      source={1}
      style={
        Object {
          "height": 350,
          "margin": 30,
          "width": 250,
        }
      } />
    <Image
      source={1}
      style={
        Object {
          "height": 350,
          "margin": 30,
          "width": 250,
        }
      } />
    <Image
      source={1}
      style={
        Object {
          "height": 350,
          "margin": 30,
          "width": 250,
        }
      } />
    <Image
      source={1}
      style={
        Object {
          "height": 350,
          "margin": 30,
          "width": 250,
        }
      } />
    <Image
      source={1}
      style={
        Object {
          "height": 350,
          "margin": 30,
          "width": 250,
        }
      } />
    <Image
      source={1}
      style={
        Object {
          "height": 350,
          "margin": 30,
          "width": 250,
        }
      } />
    <Image
      source={1}
      style={
        Object {
          "height": 350,
          "margin": 30,
          "width": 250,
        }
      } />
    <Image
      source={1}
      style={
        Object {
          "height": 350,
          "margin": 30,
          "width": 250,
        }
      } />
    <Image
      source={1}
      style={
        Object {
          "height": 350,
          "margin": 30,
          "width": 250,
        }
      } />
    <Image
      source={1}
      style={
        Object {
          "height": 350,
          "margin": 30,
          "width": 250,
        }
      } />
    <Image
      source={1}
      style={
        Object {
          "height": 350,
          "margin": 30,
          "width": 250,
        }
      } />
    <Image
      source={1}
      style={
        Object {
          "height": 350,
          "margin": 30,
          "width": 250,
        }
      } />
    <Image
      source={1}
      style={
        Object {
          "height": 350,
          "margin": 30,
          "width": 250,
        }
      } />
    <Image
      source={1}
      style={
        Object {
          "height": 350,
          "margin": 30,
          "width": 250,
        }
      } />
    <Image
      source={1}
      style={
        Object {
          "height": 350,
          "margin": 30,
          "width": 250,
        }
      } />
    <Image
      source={1}
      style={
        Object {
          "height": 350,
          "margin": 30,
          "width": 250,
        }
      } />
    <Image
      source={1}
      style={
        Object {
          "height": 350,
          "margin": 30,
          "width": 250,
        }
      } />
    <Image
      source={1}
      style={
        Object {
          "height": 350,
          "margin": 30,
          "width": 250,
        }
      } />
    <Image
      source={1}
      style={
        Object {
          "height": 350,
          "margin": 30,
          "width": 250,
        }
      } />
    <Image
      source={1}
      style={
        Object {
          "height": 350,
          "margin": 30,
          "width": 250,
        }
      } />
    <Image
      source={1}
      style={
        Object {
          "height": 350,
          "margin": 30,
          "width": 250,
        }
      } />
    <Image
      source={1}
      style={
        Object {
          "height": 350,
          "margin": 30,
          "width": 250,
        }
      } />
    <Image
      source={1}
      style={
        Object {
          "height": 350,
          "margin": 30,
          "width": 250,
        }
      } />
    <Image
      source={1}
      style={
        Object {
          "height": 350,
          "margin": 30,
          "width": 250,
        }
      } />
    <Image
      source={1}
      style={
        Object {
          "height": 350,
          "margin": 30,
          "width": 250,
        }
      } />
    <Image
      source={1}
      style={
        Object {
          "height": 350,
          "margin": 30,
          "width": 250,
        }
      } />
    <Image
      source={1}
      style={
        Object {
          "height": 350,
          "margin": 30,
          "width": 250,
        }
      } />
    <Image
      source={1}
      style={
        Object {
          "height": 350,
          "margin": 30,
          "width": 250,
        }
      } />
    <Image
      source={1}
      style={
        Object {
          "height": 350,
          "margin": 30,
          "width": 250,
        }
      } />
    <Image
      source={1}
      style={
        Object {
          "height": 350,
          "margin": 30,
          "width": 250,
        }
      } />
    <Image
      source={1}
      style={
        Object {
          "height": 350,
          "margin": 30,
          "width": 250,
        }
      } />
  </ScrollView>
  <View
    accessibilityComponentType="button"
    accessibilityLabel={undefined}
    accessibilityTraits={
      Array [
        "button",
      ]
    }
    accessible={true}
    hitSlop={undefined}
    onLayout={undefined}
    onResponderGrant={[Function]}
    onResponderMove={[Function]}
    onResponderRelease={[Function]}
    onResponderTerminate={[Function]}
    onResponderTerminationRequest={[Function]}
    onStartShouldSetResponder={[Function]}
    style={
      Object {
        "opacity": 1,
      }
    }
    testID={undefined}>
    <View
      style={
        Array [
          Object {},
        ]
      }>
      <Text
        accessible={true}
        allowFontScaling={true}
        ellipsizeMode="tail"
        style={
          Array [
            Object {
              "color": "#0C42FD",
              "fontSize": 18,
              "padding": 8,
              "textAlign": "center",
            },
          ]
        }>
        Start
      </Text>
    </View>
  </View>
</View>
`;
